[2026-05-13T11:32:32.349+0000] {taskinstance.py:1956} INFO - Dependencies all met for dep_context=non-requeueable deps ti=<TaskInstance: workshop_etl_3.entrenamiento_modelo manual__2026-05-13T11:32:19.061320+00:00 [queued]>
[2026-05-13T11:32:32.370+0000] {taskinstance.py:1956} INFO - Dependencies all met for dep_context=requeueable deps ti=<TaskInstance: workshop_etl_3.entrenamiento_modelo manual__2026-05-13T11:32:19.061320+00:00 [queued]>
[2026-05-13T11:32:32.372+0000] {taskinstance.py:2170} INFO - Starting attempt 1 of 3
[2026-05-13T11:32:32.410+0000] {taskinstance.py:2191} INFO - Executing <Task(PythonOperator): entrenamiento_modelo> on 2026-05-13 11:32:19.061320+00:00
[2026-05-13T11:32:32.420+0000] {standard_task_runner.py:60} INFO - Started process 1037 to run task
[2026-05-13T11:32:32.428+0000] {standard_task_runner.py:87} INFO - Running: ['***', 'tasks', 'run', 'workshop_etl_3', 'entrenamiento_modelo', 'manual__2026-05-13T11:32:19.061320+00:00', '--job-id', '57', '--raw', '--subdir', 'DAGS_FOLDER/dag.py', '--cfg-path', '/tmp/tmpp8y1nium']
[2026-05-13T11:32:32.436+0000] {standard_task_runner.py:88} INFO - Job 57: Subtask entrenamiento_modelo
[2026-05-13T11:32:32.560+0000] {task_command.py:423} INFO - Running <TaskInstance: workshop_etl_3.entrenamiento_modelo manual__2026-05-13T11:32:19.061320+00:00 [running]> on host 50c43e4d09e5
[2026-05-13T11:32:32.705+0000] {taskinstance.py:2480} INFO - Exporting env vars: AIRFLOW_CTX_DAG_OWNER='JuanParedes' AIRFLOW_CTX_DAG_ID='workshop_etl_3' AIRFLOW_CTX_TASK_ID='entrenamiento_modelo' AIRFLOW_CTX_EXECUTION_DATE='2026-05-13T11:32:19.061320+00:00' AIRFLOW_CTX_TRY_NUMBER='1' AIRFLOW_CTX_DAG_RUN_ID='manual__2026-05-13T11:32:19.061320+00:00'
[2026-05-13T11:32:32.708+0000] {logging_mixin.py:188} INFO - Leyendo dataset desde: /opt/***/datos/combined/happiness_combined.parquet
[2026-05-13T11:32:32.799+0000] {logging_mixin.py:188} INFO - Registros: 782
[2026-05-13T11:32:32.812+0000] {logging_mixin.py:188} INFO - Train: 547 | Test: 235
[2026-05-13T11:32:32.813+0000] {logging_mixin.py:188} INFO - [INFO] Entrenando LinearRegression...
[2026-05-13T11:32:32.823+0000] {logging_mixin.py:188} INFO - 
[INFO] Coeficientes del modelo:
[2026-05-13T11:32:32.830+0000] {logging_mixin.py:188} INFO -    feature  coeficiente
   freedom     1.389800
   economy     1.159619
     trust     1.023515
    health     1.016021
    family     0.646981
generosity     0.544985
[2026-05-13T11:32:32.831+0000] {logging_mixin.py:188} INFO -        Intercepto: 2.1670
[2026-05-13T11:32:32.837+0000] {logging_mixin.py:188} INFO - ────────────────────────────────────────
[2026-05-13T11:32:32.838+0000] {logging_mixin.py:188} INFO -   MÉTRICAS DE EVALUACIÓN (set de prueba)
[2026-05-13T11:32:32.839+0000] {logging_mixin.py:188} INFO - ────────────────────────────────────────
[2026-05-13T11:32:32.840+0000] {logging_mixin.py:188} INFO -   MAE : 0.4245
[2026-05-13T11:32:32.842+0000] {logging_mixin.py:188} INFO -   R²  : 0.7598
[2026-05-13T11:32:32.843+0000] {logging_mixin.py:188} INFO - ────────────────────────────────────────
[2026-05-13T11:32:32.859+0000] {logging_mixin.py:188} INFO - Modelo guardado en: /opt/***/modelo/happiness_model.pkl
[2026-05-13T11:32:32.861+0000] {logging_mixin.py:188} INFO - Pipeline de entrenamiento finalizado.
[2026-05-13T11:32:32.862+0000] {python.py:201} INFO - Done. Returned value was: None
[2026-05-13T11:32:32.875+0000] {taskinstance.py:1138} INFO - Marking task as SUCCESS. dag_id=workshop_etl_3, task_id=entrenamiento_modelo, execution_date=20260513T113219, start_date=20260513T113232, end_date=20260513T113232
[2026-05-13T11:32:32.918+0000] {local_task_job_runner.py:234} INFO - Task exited with return code 0
[2026-05-13T11:32:32.966+0000] {taskinstance.py:3280} INFO - 0 downstream tasks scheduled from follow-on schedule check
