[2026-05-13T11:43:28.699+0000] {taskinstance.py:1956} INFO - Dependencies all met for dep_context=non-requeueable deps ti=<TaskInstance: workshop_etl_3.entrenamiento_modelo manual__2026-05-13T11:43:19.031040+00:00 [queued]>
[2026-05-13T11:43:28.708+0000] {taskinstance.py:1956} INFO - Dependencies all met for dep_context=requeueable deps ti=<TaskInstance: workshop_etl_3.entrenamiento_modelo manual__2026-05-13T11:43:19.031040+00:00 [queued]>
[2026-05-13T11:43:28.708+0000] {taskinstance.py:2170} INFO - Starting attempt 1 of 3
[2026-05-13T11:43:28.720+0000] {taskinstance.py:2191} INFO - Executing <Task(PythonOperator): entrenamiento_modelo> on 2026-05-13 11:43:19.031040+00:00
[2026-05-13T11:43:28.726+0000] {standard_task_runner.py:60} INFO - Started process 2564 to run task
[2026-05-13T11:43:28.730+0000] {standard_task_runner.py:87} INFO - Running: ['***', 'tasks', 'run', 'workshop_etl_3', 'entrenamiento_modelo', 'manual__2026-05-13T11:43:19.031040+00:00', '--job-id', '109', '--raw', '--subdir', 'DAGS_FOLDER/dag.py', '--cfg-path', '/tmp/tmp_0pv4_ij']
[2026-05-13T11:43:28.733+0000] {standard_task_runner.py:88} INFO - Job 109: Subtask entrenamiento_modelo
[2026-05-13T11:43:28.789+0000] {task_command.py:423} INFO - Running <TaskInstance: workshop_etl_3.entrenamiento_modelo manual__2026-05-13T11:43:19.031040+00:00 [running]> on host 50c43e4d09e5
[2026-05-13T11:43:28.855+0000] {taskinstance.py:2480} INFO - Exporting env vars: AIRFLOW_CTX_DAG_OWNER='JuanParedes' AIRFLOW_CTX_DAG_ID='workshop_etl_3' AIRFLOW_CTX_TASK_ID='entrenamiento_modelo' AIRFLOW_CTX_EXECUTION_DATE='2026-05-13T11:43:19.031040+00:00' AIRFLOW_CTX_TRY_NUMBER='1' AIRFLOW_CTX_DAG_RUN_ID='manual__2026-05-13T11:43:19.031040+00:00'
[2026-05-13T11:43:28.857+0000] {logging_mixin.py:188} INFO - Leyendo dataset desde: /opt/***/datos/combined/happiness_combined.parquet
[2026-05-13T11:43:28.892+0000] {logging_mixin.py:188} INFO - Registros: 782
[2026-05-13T11:43:28.897+0000] {logging_mixin.py:188} INFO - Train: 547 | Test: 235
[2026-05-13T11:43:28.898+0000] {logging_mixin.py:188} INFO - [INFO] Entrenando LinearRegression...
[2026-05-13T11:43:28.903+0000] {logging_mixin.py:188} INFO - 
[INFO] Coeficientes del modelo:
[2026-05-13T11:43:28.906+0000] {logging_mixin.py:188} INFO -    feature  coeficiente
   freedom     1.389800
   economy     1.159619
     trust     1.023515
    health     1.016021
    family     0.646981
generosity     0.544985
[2026-05-13T11:43:28.907+0000] {logging_mixin.py:188} INFO -        Intercepto: 2.1670
[2026-05-13T11:43:28.909+0000] {logging_mixin.py:188} INFO - ────────────────────────────────────────
[2026-05-13T11:43:28.909+0000] {logging_mixin.py:188} INFO -   MÉTRICAS DE EVALUACIÓN (set de prueba)
[2026-05-13T11:43:28.910+0000] {logging_mixin.py:188} INFO - ────────────────────────────────────────
[2026-05-13T11:43:28.910+0000] {logging_mixin.py:188} INFO -   MAE : 0.4245
[2026-05-13T11:43:28.910+0000] {logging_mixin.py:188} INFO -   R²  : 0.7598
[2026-05-13T11:43:28.911+0000] {logging_mixin.py:188} INFO - ────────────────────────────────────────
[2026-05-13T11:43:28.916+0000] {logging_mixin.py:188} INFO - Modelo guardado en: /opt/***/modelo/happiness_model.pkl
[2026-05-13T11:43:28.916+0000] {logging_mixin.py:188} INFO - Pipeline de entrenamiento finalizado.
[2026-05-13T11:43:28.917+0000] {python.py:201} INFO - Done. Returned value was: None
[2026-05-13T11:43:28.922+0000] {taskinstance.py:1138} INFO - Marking task as SUCCESS. dag_id=workshop_etl_3, task_id=entrenamiento_modelo, execution_date=20260513T114319, start_date=20260513T114328, end_date=20260513T114328
[2026-05-13T11:43:28.939+0000] {local_task_job_runner.py:234} INFO - Task exited with return code 0
[2026-05-13T11:43:28.954+0000] {taskinstance.py:3280} INFO - 1 downstream tasks scheduled from follow-on schedule check
