[2026-05-13T11:38:13.582+0000] {taskinstance.py:1956} INFO - Dependencies all met for dep_context=non-requeueable deps ti=<TaskInstance: workshop_etl_3.entrenamiento_modelo manual__2026-05-13T11:38:01.090487+00:00 [queued]>
[2026-05-13T11:38:13.601+0000] {taskinstance.py:1956} INFO - Dependencies all met for dep_context=requeueable deps ti=<TaskInstance: workshop_etl_3.entrenamiento_modelo manual__2026-05-13T11:38:01.090487+00:00 [queued]>
[2026-05-13T11:38:13.602+0000] {taskinstance.py:2170} INFO - Starting attempt 1 of 3
[2026-05-13T11:38:13.633+0000] {taskinstance.py:2191} INFO - Executing <Task(PythonOperator): entrenamiento_modelo> on 2026-05-13 11:38:01.090487+00:00
[2026-05-13T11:38:13.646+0000] {standard_task_runner.py:60} INFO - Started process 1801 to run task
[2026-05-13T11:38:13.653+0000] {standard_task_runner.py:87} INFO - Running: ['***', 'tasks', 'run', 'workshop_etl_3', 'entrenamiento_modelo', 'manual__2026-05-13T11:38:01.090487+00:00', '--job-id', '83', '--raw', '--subdir', 'DAGS_FOLDER/dag.py', '--cfg-path', '/tmp/tmp5d76q2sc']
[2026-05-13T11:38:13.659+0000] {standard_task_runner.py:88} INFO - Job 83: Subtask entrenamiento_modelo
[2026-05-13T11:38:13.781+0000] {task_command.py:423} INFO - Running <TaskInstance: workshop_etl_3.entrenamiento_modelo manual__2026-05-13T11:38:01.090487+00:00 [running]> on host 50c43e4d09e5
[2026-05-13T11:38:13.936+0000] {taskinstance.py:2480} INFO - Exporting env vars: AIRFLOW_CTX_DAG_OWNER='JuanParedes' AIRFLOW_CTX_DAG_ID='workshop_etl_3' AIRFLOW_CTX_TASK_ID='entrenamiento_modelo' AIRFLOW_CTX_EXECUTION_DATE='2026-05-13T11:38:01.090487+00:00' AIRFLOW_CTX_TRY_NUMBER='1' AIRFLOW_CTX_DAG_RUN_ID='manual__2026-05-13T11:38:01.090487+00:00'
[2026-05-13T11:38:13.939+0000] {logging_mixin.py:188} INFO - Leyendo dataset desde: /opt/***/datos/combined/happiness_combined.parquet
[2026-05-13T11:38:14.029+0000] {logging_mixin.py:188} INFO - Registros: 782
[2026-05-13T11:38:14.041+0000] {logging_mixin.py:188} INFO - Train: 547 | Test: 235
[2026-05-13T11:38:14.042+0000] {logging_mixin.py:188} INFO - [INFO] Entrenando LinearRegression...
[2026-05-13T11:38:14.054+0000] {logging_mixin.py:188} INFO - 
[INFO] Coeficientes del modelo:
[2026-05-13T11:38:14.062+0000] {logging_mixin.py:188} INFO -    feature  coeficiente
   freedom     1.389800
   economy     1.159619
     trust     1.023515
    health     1.016021
    family     0.646981
generosity     0.544985
[2026-05-13T11:38:14.063+0000] {logging_mixin.py:188} INFO -        Intercepto: 2.1670
[2026-05-13T11:38:14.069+0000] {logging_mixin.py:188} INFO - ────────────────────────────────────────
[2026-05-13T11:38:14.071+0000] {logging_mixin.py:188} INFO -   MÉTRICAS DE EVALUACIÓN (set de prueba)
[2026-05-13T11:38:14.072+0000] {logging_mixin.py:188} INFO - ────────────────────────────────────────
[2026-05-13T11:38:14.074+0000] {logging_mixin.py:188} INFO -   MAE : 0.4245
[2026-05-13T11:38:14.075+0000] {logging_mixin.py:188} INFO -   R²  : 0.7598
[2026-05-13T11:38:14.077+0000] {logging_mixin.py:188} INFO - ────────────────────────────────────────
[2026-05-13T11:38:14.093+0000] {logging_mixin.py:188} INFO - Modelo guardado en: /opt/***/modelo/happiness_model.pkl
[2026-05-13T11:38:14.094+0000] {logging_mixin.py:188} INFO - Pipeline de entrenamiento finalizado.
[2026-05-13T11:38:14.096+0000] {python.py:201} INFO - Done. Returned value was: None
[2026-05-13T11:38:14.111+0000] {taskinstance.py:1138} INFO - Marking task as SUCCESS. dag_id=workshop_etl_3, task_id=entrenamiento_modelo, execution_date=20260513T113801, start_date=20260513T113813, end_date=20260513T113814
[2026-05-13T11:38:14.156+0000] {local_task_job_runner.py:234} INFO - Task exited with return code 0
[2026-05-13T11:38:14.189+0000] {taskinstance.py:3280} INFO - 1 downstream tasks scheduled from follow-on schedule check
