[2026-05-13T11:35:54.443+0000] {taskinstance.py:1956} INFO - Dependencies all met for dep_context=non-requeueable deps ti=<TaskInstance: workshop_etl_3.entrenamiento_modelo manual__2026-05-13T11:35:42.752559+00:00 [queued]>
[2026-05-13T11:35:54.458+0000] {taskinstance.py:1956} INFO - Dependencies all met for dep_context=requeueable deps ti=<TaskInstance: workshop_etl_3.entrenamiento_modelo manual__2026-05-13T11:35:42.752559+00:00 [queued]>
[2026-05-13T11:35:54.459+0000] {taskinstance.py:2170} INFO - Starting attempt 1 of 3
[2026-05-13T11:35:54.482+0000] {taskinstance.py:2191} INFO - Executing <Task(PythonOperator): entrenamiento_modelo> on 2026-05-13 11:35:42.752559+00:00
[2026-05-13T11:35:54.493+0000] {standard_task_runner.py:60} INFO - Started process 1437 to run task
[2026-05-13T11:35:54.500+0000] {standard_task_runner.py:87} INFO - Running: ['***', 'tasks', 'run', 'workshop_etl_3', 'entrenamiento_modelo', 'manual__2026-05-13T11:35:42.752559+00:00', '--job-id', '70', '--raw', '--subdir', 'DAGS_FOLDER/dag.py', '--cfg-path', '/tmp/tmp2ci4j_ip']
[2026-05-13T11:35:54.505+0000] {standard_task_runner.py:88} INFO - Job 70: Subtask entrenamiento_modelo
[2026-05-13T11:35:54.621+0000] {task_command.py:423} INFO - Running <TaskInstance: workshop_etl_3.entrenamiento_modelo manual__2026-05-13T11:35:42.752559+00:00 [running]> on host 50c43e4d09e5
[2026-05-13T11:35:54.780+0000] {taskinstance.py:2480} INFO - Exporting env vars: AIRFLOW_CTX_DAG_OWNER='JuanParedes' AIRFLOW_CTX_DAG_ID='workshop_etl_3' AIRFLOW_CTX_TASK_ID='entrenamiento_modelo' AIRFLOW_CTX_EXECUTION_DATE='2026-05-13T11:35:42.752559+00:00' AIRFLOW_CTX_TRY_NUMBER='1' AIRFLOW_CTX_DAG_RUN_ID='manual__2026-05-13T11:35:42.752559+00:00'
[2026-05-13T11:35:54.783+0000] {logging_mixin.py:188} INFO - Leyendo dataset desde: /opt/***/datos/combined/happiness_combined.parquet
[2026-05-13T11:35:54.866+0000] {logging_mixin.py:188} INFO - Registros: 782
[2026-05-13T11:35:54.877+0000] {logging_mixin.py:188} INFO - Train: 547 | Test: 235
[2026-05-13T11:35:54.878+0000] {logging_mixin.py:188} INFO - [INFO] Entrenando LinearRegression...
[2026-05-13T11:35:54.888+0000] {logging_mixin.py:188} INFO - 
[INFO] Coeficientes del modelo:
[2026-05-13T11:35:54.892+0000] {logging_mixin.py:188} INFO -    feature  coeficiente
   freedom     1.389800
   economy     1.159619
     trust     1.023515
    health     1.016021
    family     0.646981
generosity     0.544985
[2026-05-13T11:35:54.893+0000] {logging_mixin.py:188} INFO -        Intercepto: 2.1670
[2026-05-13T11:35:54.896+0000] {logging_mixin.py:188} INFO - ────────────────────────────────────────
[2026-05-13T11:35:54.897+0000] {logging_mixin.py:188} INFO -   MÉTRICAS DE EVALUACIÓN (set de prueba)
[2026-05-13T11:35:54.897+0000] {logging_mixin.py:188} INFO - ────────────────────────────────────────
[2026-05-13T11:35:54.898+0000] {logging_mixin.py:188} INFO -   MAE : 0.4245
[2026-05-13T11:35:54.898+0000] {logging_mixin.py:188} INFO -   R²  : 0.7598
[2026-05-13T11:35:54.899+0000] {logging_mixin.py:188} INFO - ────────────────────────────────────────
[2026-05-13T11:35:54.911+0000] {logging_mixin.py:188} INFO - Modelo guardado en: /opt/***/modelo/happiness_model.pkl
[2026-05-13T11:35:54.913+0000] {logging_mixin.py:188} INFO - Pipeline de entrenamiento finalizado.
[2026-05-13T11:35:54.914+0000] {python.py:201} INFO - Done. Returned value was: None
[2026-05-13T11:35:54.928+0000] {taskinstance.py:1138} INFO - Marking task as SUCCESS. dag_id=workshop_etl_3, task_id=entrenamiento_modelo, execution_date=20260513T113542, start_date=20260513T113554, end_date=20260513T113554
[2026-05-13T11:35:54.968+0000] {local_task_job_runner.py:234} INFO - Task exited with return code 0
[2026-05-13T11:35:55.000+0000] {taskinstance.py:3280} INFO - 1 downstream tasks scheduled from follow-on schedule check
