[2026-05-13T11:38:16.574+0000] {taskinstance.py:1956} INFO - Dependencies all met for dep_context=non-requeueable deps ti=<TaskInstance: workshop_etl_3.producer_kafka manual__2026-05-13T11:38:01.090487+00:00 [queued]>
[2026-05-13T11:38:16.586+0000] {taskinstance.py:1956} INFO - Dependencies all met for dep_context=requeueable deps ti=<TaskInstance: workshop_etl_3.producer_kafka manual__2026-05-13T11:38:01.090487+00:00 [queued]>
[2026-05-13T11:38:16.587+0000] {taskinstance.py:2170} INFO - Starting attempt 1 of 3
[2026-05-13T11:38:16.604+0000] {taskinstance.py:2191} INFO - Executing <Task(PythonOperator): producer_kafka> on 2026-05-13 11:38:01.090487+00:00
[2026-05-13T11:38:16.614+0000] {standard_task_runner.py:60} INFO - Started process 1843 to run task
[2026-05-13T11:38:16.619+0000] {standard_task_runner.py:87} INFO - Running: ['***', 'tasks', 'run', 'workshop_etl_3', 'producer_kafka', 'manual__2026-05-13T11:38:01.090487+00:00', '--job-id', '84', '--raw', '--subdir', 'DAGS_FOLDER/dag.py', '--cfg-path', '/tmp/tmpj03vv0v5']
[2026-05-13T11:38:16.624+0000] {standard_task_runner.py:88} INFO - Job 84: Subtask producer_kafka
[2026-05-13T11:38:16.714+0000] {task_command.py:423} INFO - Running <TaskInstance: workshop_etl_3.producer_kafka manual__2026-05-13T11:38:01.090487+00:00 [running]> on host 50c43e4d09e5
[2026-05-13T11:38:16.822+0000] {taskinstance.py:2480} INFO - Exporting env vars: AIRFLOW_CTX_DAG_OWNER='JuanParedes' AIRFLOW_CTX_DAG_ID='workshop_etl_3' AIRFLOW_CTX_TASK_ID='producer_kafka' AIRFLOW_CTX_EXECUTION_DATE='2026-05-13T11:38:01.090487+00:00' AIRFLOW_CTX_TRY_NUMBER='1' AIRFLOW_CTX_DAG_RUN_ID='manual__2026-05-13T11:38:01.090487+00:00'
[2026-05-13T11:38:16.891+0000] {conn.py:380} INFO - <BrokerConnection node_id=bootstrap-0 host=kafka:9092 <connecting> [IPv4 ('172.18.0.5', 9092)]>: connecting to kafka:9092 [('172.18.0.5', 9092) IPv4]
[2026-05-13T11:38:16.893+0000] {conn.py:1205} INFO - Probing node bootstrap-0 broker version
[2026-05-13T11:38:16.895+0000] {conn.py:410} INFO - <BrokerConnection node_id=bootstrap-0 host=kafka:9092 <connecting> [IPv4 ('172.18.0.5', 9092)]>: Connection complete.
[2026-05-13T11:38:17.002+0000] {conn.py:1267} INFO - Broker version identified as 2.5.0
[2026-05-13T11:38:17.003+0000] {conn.py:1268} INFO - Set configuration api_version=(2, 5, 0) to skip auto check_version requests on startup
[2026-05-13T11:38:17.012+0000] {logging_mixin.py:188} INFO - [INFO] Transmitiendo 235 registros al tópico 'happiness-predictions'...
[2026-05-13T11:38:17.019+0000] {logging_mixin.py:188} INFO - [INFO] Enviado 1/235: {'economy': 0.94, 'family': 1.41, 'health': 0.33, 'freedom': 0.516, 'trust': 0.056, 'generosity': 0.103, 'happiness_score': 4.724}
[2026-05-13T11:38:17.021+0000] {conn.py:380} INFO - <BrokerConnection node_id=1 host=kafka:9092 <connecting> [IPv4 ('172.18.0.5', 9092)]>: connecting to kafka:9092 [('172.18.0.5', 9092) IPv4]
[2026-05-13T11:38:17.023+0000] {conn.py:410} INFO - <BrokerConnection node_id=1 host=kafka:9092 <connecting> [IPv4 ('172.18.0.5', 9092)]>: Connection complete.
[2026-05-13T11:38:17.024+0000] {conn.py:919} INFO - <BrokerConnection node_id=bootstrap-0 host=kafka:9092 <connected> [IPv4 ('172.18.0.5', 9092)]>: Closing connection. 
[2026-05-13T11:38:17.521+0000] {logging_mixin.py:188} INFO - [INFO] Enviado 2/235: {'economy': 1.379, 'family': 1.331, 'health': 0.633, 'freedom': 0.509, 'trust': 0.127, 'generosity': 0.098, 'happiness_score': 6.371}
[2026-05-13T11:38:18.025+0000] {logging_mixin.py:188} INFO - [INFO] Enviado 3/235: {'economy': 1.24886, 'family': 0.75473, 'health': 0.80029, 'freedom': 0.05822, 'trust': 0.04127, 'generosity': 0.0, 'happiness_score': 5.033}
[2026-05-13T11:38:18.527+0000] {logging_mixin.py:188} INFO - [INFO] Enviado 4/235: {'economy': 1.45181, 'family': 1.08764, 'health': 0.83121, 'freedom': 0.58218, 'trust': 0.40867, 'generosity': 0.38254, 'happiness_score': 7.291}
[2026-05-13T11:38:19.030+0000] {logging_mixin.py:188} INFO - [INFO] Enviado 5/235: {'economy': 0.79422, 'family': 0.83779, 'health': 0.4697, 'freedom': 0.50961, 'trust': 0.07746, 'generosity': 0.21698, 'happiness_score': 5.822}
[2026-05-13T11:38:19.532+0000] {logging_mixin.py:188} INFO - [INFO] Enviado 6/235: {'economy': 1.52733, 'family': 1.14524, 'health': 0.86303, 'freedom': 0.58557, 'trust': 0.41203, 'generosity': 0.28083, 'happiness_score': 7.509}
[2026-05-13T11:38:20.035+0000] {logging_mixin.py:188} INFO - [INFO] Enviado 7/235: {'economy': 0.385, 'family': 1.105, 'health': 0.308, 'freedom': 0.327, 'trust': 0.052, 'generosity': 0.153, 'happiness_score': 4.39}
[2026-05-13T11:38:20.538+0000] {logging_mixin.py:188} INFO - [INFO] Enviado 8/235: {'economy': 0.22415, 'family': 0.3109, 'health': 0.18829, 'freedom': 0.30953, 'trust': 0.1192, 'generosity': 0.29914, 'happiness_score': 3.607}
[2026-05-13T11:38:21.042+0000] {logging_mixin.py:188} INFO - [INFO] Enviado 9/235: {'economy': 0.99602, 'family': 0.81255, 'health': 0.62994, 'freedom': 0.37502, 'trust': 0.05292, 'generosity': 0.14527, 'happiness_score': 5.743}
[2026-05-13T11:38:21.545+0000] {logging_mixin.py:188} INFO - [INFO] Enviado 10/235: {'economy': 0.833756566047668, 'family': 1.22761905193329, 'health': 0.473630249500275, 'freedom': 0.558732926845551, 'trust': 0.0604777261614799, 'generosity': 0.22556072473526, 'happiness_score': 5.82299995422363}
[2026-05-13T11:38:22.049+0000] {logging_mixin.py:188} INFO - [INFO] Enviado 11/235: {'economy': 1.18649, 'family': 0.60809, 'health': 0.70524, 'freedom': 0.23907, 'trust': 0.04002, 'generosity': 0.18434, 'happiness_score': 5.488}
[2026-05-13T11:38:22.554+0000] {logging_mixin.py:188} INFO - [INFO] Enviado 12/235: {'economy': 1.206, 'family': 1.438, 'health': 0.884, 'freedom': 0.483, 'trust': 0.05, 'generosity': 0.117, 'happiness_score': 6.182}
[2026-05-13T11:38:23.057+0000] {logging_mixin.py:188} INFO - [INFO] Enviado 13/235: {'economy': 1.12268, 'family': 0.64184, 'health': 0.76171, 'freedom': 0.26228, 'trust': 0.03061, 'generosity': 0.23693, 'happiness_score': 5.129}
[2026-05-13T11:38:23.560+0000] {logging_mixin.py:188} INFO - [INFO] Enviado 14/235: {'economy': 0.35, 'family': 0.517, 'health': 0.361, 'freedom': 0.0, 'trust': 0.025, 'generosity': 0.158, 'happiness_score': 3.203}
[2026-05-13T11:38:24.063+0000] {logging_mixin.py:188} INFO - [INFO] Enviado 15/235: {'economy': 1.183, 'family': 1.36, 'health': 0.808, 'freedom': 0.195, 'trust': 0.106, 'generosity': 0.083, 'happiness_score': 5.373}
[2026-05-13T11:38:24.565+0000] {logging_mixin.py:188} INFO - [INFO] Enviado 16/235: {'economy': 0.54649, 'family': 0.68093, 'health': 0.40064, 'freedom': 0.35571, 'trust': 0.07854, 'generosity': 0.09131, 'happiness_score': 4.077}
[2026-05-13T11:38:25.068+0000] {logging_mixin.py:188} INFO - [INFO] Enviado 17/235: {'economy': 1.305, 'family': 1.592, 'health': 0.874, 'freedom': 0.681, 'trust': 0.393, 'generosity': 0.202, 'happiness_score': 7.632}
[2026-05-13T11:38:25.571+0000] {logging_mixin.py:188} INFO - [INFO] Enviado 18/235: {'economy': 0.81038, 'family': 1.15102, 'health': 0.68741, 'freedom': 0.50442, 'trust': 0.02299, 'generosity': 0.2123, 'happiness_score': 5.709}
[2026-05-13T11:38:26.073+0000] {logging_mixin.py:188} INFO - [INFO] Enviado 19/235: {'economy': 1.02787, 'family': 0.99496, 'health': 0.57669, 'freedom': 0.52259, 'trust': 0.12372, 'generosity': 0.21286, 'happiness_score': 5.155}
[2026-05-13T11:38:26.577+0000] {logging_mixin.py:188} INFO - [INFO] Enviado 20/235: {'economy': 1.06353, 'family': 1.1985, 'health': 0.79661, 'freedom': 0.5421, 'trust': 0.0927, 'generosity': 0.24434, 'happiness_score': 6.786}
[2026-05-13T11:38:27.080+0000] {logging_mixin.py:188} INFO - [INFO] Enviado 21/235: {'economy': 0.46534, 'family': 0.77115, 'health': 0.15185, 'freedom': 0.46866, 'trust': 0.17922, 'generosity': 0.20165, 'happiness_score': 3.655}
[2026-05-13T11:38:27.583+0000] {logging_mixin.py:188} INFO - [INFO] Enviado 22/235: {'economy': 0.8737, 'family': 0.80975, 'health': 0.596, 'freedom': 0.37269, 'trust': 0.10613, 'generosity': 0.08877, 'happiness_score': 6.068}
[2026-05-13T11:38:28.090+0000] {logging_mixin.py:188} INFO - [INFO] Enviado 23/235: {'economy': 0.37545, 'family': 1.04103, 'health': 0.07612, 'freedom': 0.31767, 'trust': 0.12504, 'generosity': 0.16388, 'happiness_score': 4.898}
[2026-05-13T11:38:28.593+0000] {logging_mixin.py:188} INFO - [INFO] Enviado 24/235: {'economy': 0.332, 'family': 0.537, 'health': 0.255, 'freedom': 0.085, 'trust': 0.036, 'generosity': 0.191, 'happiness_score': 3.632}
[2026-05-13T11:38:29.096+0000] {logging_mixin.py:188} INFO - [INFO] Enviado 25/235: {'economy': 0.4225, 'family': 0.88767, 'health': 0.23402, 'freedom': 0.49309, 'trust': 0.05786, 'generosity': 0.20618, 'happiness_score': 4.252}
[2026-05-13T11:38:29.599+0000] {logging_mixin.py:188} INFO - [INFO] Enviado 26/235: {'economy': 0.601765096187592, 'family': 1.00623834133148, 'health': 0.429783403873444, 'freedom': 0.633375823497772, 'trust': 0.0681059509515762, 'generosity': 0.385922968387604, 'happiness_score': 4.16800022125244}
[2026-05-13T11:38:30.103+0000] {logging_mixin.py:188} INFO - [INFO] Enviado 27/235: {'economy': 0.073, 'family': 0.922, 'health': 0.443, 'freedom': 0.37, 'trust': 0.033, 'generosity': 0.233, 'happiness_score': 3.975}
[2026-05-13T11:38:30.607+0000] {logging_mixin.py:188} INFO - [INFO] Enviado 28/235: {'economy': 1.00985014438629, 'family': 1.25997638702393, 'health': 0.625130832195282, 'freedom': 0.561213254928589, 'trust': 0.0736539661884308, 'generosity': 0.490863561630249, 'happiness_score': 4.44000005722046}
[2026-05-13T11:38:31.109+0000] {logging_mixin.py:188} INFO - [INFO] Enviado 29/235: {'economy': 0.728870630264282, 'family': 1.25182557106018, 'health': 0.589465200901031, 'freedom': 0.240729048848152, 'trust': 0.0100912861526012, 'generosity': 0.208779126405716, 'happiness_score': 5.83799982070923}
[2026-05-13T11:38:31.612+0000] {logging_mixin.py:188} INFO - [INFO] Enviado 30/235: {'economy': 0.89537, 'family': 1.17202, 'health': 0.66825, 'freedom': 0.57672, 'trust': 0.14234, 'generosity': 0.21684, 'happiness_score': 4.885}
[2026-05-13T11:38:32.115+0000] {logging_mixin.py:188} INFO - [INFO] Enviado 31/235: {'economy': 1.188, 'family': 1.429, 'health': 0.884, 'freedom': 0.562, 'trust': 0.017, 'generosity': 0.055, 'happiness_score': 5.41}
[2026-05-13T11:38:32.617+0000] {logging_mixin.py:188} INFO - [INFO] Enviado 32/235: {'economy': 1.12486, 'family': 1.07023, 'health': 0.72394, 'freedom': 0.53024, 'trust': 0.10501, 'generosity': 0.33075, 'happiness_score': 5.77}
[2026-05-13T11:38:33.120+0000] {logging_mixin.py:188} INFO - [INFO] Enviado 33/235: {'economy': 1.29098, 'family': 1.07617, 'health': 0.8753, 'freedom': 0.3974, 'trust': 0.08129, 'generosity': 0.25376, 'happiness_score': 6.298}
[2026-05-13T11:38:33.623+0000] {logging_mixin.py:188} INFO - [INFO] Enviado 34/235: {'economy': 0.73591, 'family': 1.1681, 'health': 0.50163, 'freedom': 0.60848, 'trust': 0.28333, 'generosity': 0.34326, 'happiness_score': 5.987}
[2026-05-13T11:38:34.126+0000] {logging_mixin.py:188} INFO - [INFO] Enviado 35/235: {'economy': 1.405, 'family': 1.29, 'health': 1.03, 'freedom': 0.524, 'trust': 0.291, 'generosity': 0.246, 'happiness_score': 5.43}
[2026-05-13T11:38:34.630+0000] {logging_mixin.py:188} INFO - [INFO] Enviado 36/235: {'economy': 1.27, 'family': 1.525, 'health': 0.884, 'freedom': 0.645, 'trust': 0.142, 'generosity': 0.376, 'happiness_score': 6.627}
[2026-05-13T11:38:35.132+0000] {logging_mixin.py:188} INFO - [INFO] Enviado 37/235: {'economy': 0.56044, 'family': 0.95434, 'health': 0.55449, 'freedom': 0.40212, 'trust': 0.04762, 'generosity': 0.38432, 'happiness_score': 5.185}
[2026-05-13T11:38:35.635+0000] {logging_mixin.py:188} INFO - [INFO] Enviado 38/235: {'economy': 0.308, 'family': 0.95, 'health': 0.391, 'freedom': 0.452, 'trust': 0.146, 'generosity': 0.22, 'happiness_score': 4.35}
[2026-05-13T11:38:36.137+0000] {logging_mixin.py:188} INFO - [INFO] Enviado 39/235: {'economy': 1.12209415435791, 'family': 1.22155499458313, 'health': 0.341755509376526, 'freedom': 0.505196332931519, 'trust': 0.0985831990838051, 'generosity': 0.0993484482169151, 'happiness_score': 3.76600003242493}
[2026-05-13T11:38:36.643+0000] {logging_mixin.py:188} INFO - [INFO] Enviado 40/235: {'economy': 1.365, 'family': 1.505, 'health': 1.039, 'freedom': 0.584, 'trust': 0.308, 'generosity': 0.285, 'happiness_score': 7.278}
[2026-05-13T11:38:37.146+0000] {logging_mixin.py:188} INFO - [INFO] Enviado 41/235: {'economy': 0.425, 'family': 1.228, 'health': 0.539, 'freedom': 0.526, 'trust': 0.078, 'generosity': 0.302, 'happiness_score': 4.88}
[2026-05-13T11:38:37.648+0000] {logging_mixin.py:188} INFO - [INFO] Enviado 42/235: {'economy': 0.741, 'family': 1.346, 'health': 0.851, 'freedom': 0.543, 'trust': 0.073, 'generosity': 0.147, 'happiness_score': 5.175}
[2026-05-13T11:38:38.151+0000] {logging_mixin.py:188} INFO - [INFO] Enviado 43/235: {'economy': 0.22208, 'family': 0.7737, 'health': 0.42864, 'freedom': 0.59201, 'trust': 0.55191, 'generosity': 0.22628, 'happiness_score': 3.465}
[2026-05-13T11:38:38.651+0000] {logging_mixin.py:188} INFO - [INFO] Enviado 44/235: {'economy': 0.026, 'family': 0.0, 'health': 0.105, 'freedom': 0.225, 'trust': 0.035, 'generosity': 0.235, 'happiness_score': 3.083}
[2026-05-13T11:38:39.154+0000] {logging_mixin.py:188} INFO - [INFO] Enviado 45/235: {'economy': 1.42666, 'family': 1.18326, 'health': 0.86733, 'freedom': 0.56624, 'trust': 0.14975, 'generosity': 0.47678, 'happiness_score': 7.501}
[2026-05-13T11:38:39.657+0000] {logging_mixin.py:188} INFO - [INFO] Enviado 46/235: {'economy': 0.96, 'family': 1.427, 'health': 0.805, 'freedom': 0.154, 'trust': 0.047, 'generosity': 0.064, 'happiness_score': 4.707}
[2026-05-13T11:38:40.160+0000] {logging_mixin.py:188} INFO - [INFO] Enviado 47/235: {'economy': 1.35268235206604, 'family': 1.43388521671295, 'health': 0.754444003105164, 'freedom': 0.490946173667908, 'trust': 0.0368729270994663, 'generosity': 0.0881067588925362, 'happiness_score': 6.60900020599365}
[2026-05-13T11:38:40.662+0000] {logging_mixin.py:188} INFO - [INFO] Enviado 48/235: {'economy': 0.094, 'family': 1.125, 'health': 0.357, 'freedom': 0.269, 'trust': 0.053, 'generosity': 0.212, 'happiness_score': 4.418}
[2026-05-13T11:38:41.164+0000] {logging_mixin.py:188} INFO - [INFO] Enviado 49/235: {'economy': 1.02564, 'family': 0.80001, 'health': 0.83947, 'freedom': 0.33916, 'trust': 0.04582, 'generosity': 0.21854, 'happiness_score': 4.839}
[2026-05-13T11:38:41.667+0000] {logging_mixin.py:188} INFO - [INFO] Enviado 50/235: {'economy': 1.276, 'family': 1.455, 'health': 1.029, 'freedom': 0.371, 'trust': 0.082, 'generosity': 0.261, 'happiness_score': 7.139}
[2026-05-13T11:38:42.169+0000] {logging_mixin.py:188} INFO - [INFO] Enviado 51/235: {'economy': 1.15655755996704, 'family': 1.44494521617889, 'health': 0.637714266777039, 'freedom': 0.295400261878967, 'trust': 0.156313821673393, 'generosity': 0.15513750910759, 'happiness_score': 5.56899976730347}
[2026-05-13T11:38:42.672+0000] {logging_mixin.py:188} INFO - [INFO] Enviado 52/235: {'economy': 0.642, 'family': 1.236, 'health': 0.828, 'freedom': 0.507, 'trust': 0.078, 'generosity': 0.246, 'happiness_score': 5.86}
[2026-05-13T11:38:43.175+0000] {logging_mixin.py:188} INFO - [INFO] Enviado 53/235: {'economy': 1.32792, 'family': 1.29937, 'health': 0.89186, 'freedom': 0.61477, 'trust': 0.21843, 'generosity': 0.28214, 'happiness_score': 6.75}
[2026-05-13T11:38:43.677+0000] {logging_mixin.py:188} INFO - [INFO] Enviado 54/235: {'economy': 0.39394, 'family': 0.18519, 'health': 0.15781, 'freedom': 0.19662, 'trust': 0.13015, 'generosity': 0.25899, 'happiness_score': 3.832}
[2026-05-13T11:38:44.180+0000] {logging_mixin.py:188} INFO - [INFO] Enviado 55/235: {'economy': 0.54177, 'family': 0.24749, 'health': 0.52989, 'freedom': 0.39778, 'trust': 0.12583, 'generosity': 0.19132, 'happiness_score': 4.643}
[2026-05-13T11:38:44.683+0000] {logging_mixin.py:188} INFO - [INFO] Enviado 56/235: {'economy': 1.48341, 'family': 1.16157, 'health': 0.81455, 'freedom': 0.54008, 'trust': 0.29754, 'generosity': 0.44963, 'happiness_score': 6.907}
[2026-05-13T11:38:45.185+0000] {logging_mixin.py:188} INFO - [INFO] Enviado 57/235: {'economy': 1.398, 'family': 1.471, 'health': 0.819, 'freedom': 0.547, 'trust': 0.133, 'generosity': 0.291, 'happiness_score': 6.886}
[2026-05-13T11:38:45.688+0000] {logging_mixin.py:188} INFO - [INFO] Enviado 58/235: {'economy': 1.293, 'family': 1.466, 'health': 0.908, 'freedom': 0.52, 'trust': 0.176, 'generosity': 0.098, 'happiness_score': 6.489}
[2026-05-13T11:38:46.191+0000] {logging_mixin.py:188} INFO - [INFO] Enviado 59/235: {'economy': 1.29947, 'family': 1.05613, 'health': 0.79151, 'freedom': 0.53164, 'trust': 0.03635, 'generosity': 0.25738, 'happiness_score': 5.768}
[2026-05-13T11:38:46.694+0000] {logging_mixin.py:188} INFO - [INFO] Enviado 60/235: {'economy': 1.15318381786346, 'family': 1.210862159729, 'health': 0.709978997707367, 'freedom': 0.412730008363724, 'trust': 0.132774114608765, 'generosity': 0.120990432798862, 'happiness_score': 6.57800006866455}
[2026-05-13T11:38:47.197+0000] {logging_mixin.py:188} INFO - [INFO] Enviado 61/235: {'economy': 1.176, 'family': 1.448, 'health': 0.781, 'freedom': 0.546, 'trust': 0.064, 'generosity': 0.108, 'happiness_score': 6.123}
[2026-05-13T11:38:47.699+0000] {logging_mixin.py:188} INFO - [INFO] Enviado 62/235: {'economy': 0.23906, 'family': 0.79273, 'health': 0.36315, 'freedom': 0.22917, 'trust': 0.199, 'generosity': 0.17441, 'happiness_score': 3.956}
[2026-05-13T11:38:48.202+0000] {logging_mixin.py:188} INFO - [INFO] Enviado 63/235: {'economy': 1.43092346191406, 'family': 1.38777685165405, 'health': 0.844465851783752, 'freedom': 0.470222115516663, 'trust': 0.172502428293228, 'generosity': 0.129762306809425, 'happiness_score': 6.44199991226196}
[2026-05-13T11:38:48.704+0000] {logging_mixin.py:188} INFO - [INFO] Enviado 64/235: {'economy': 0.95578, 'family': 1.23788, 'health': 0.86027, 'freedom': 0.63376, 'trust': 0.10583, 'generosity': 0.25497, 'happiness_score': 7.226}
[2026-05-13T11:38:49.208+0000] {logging_mixin.py:188} INFO - [INFO] Enviado 65/235: {'economy': 0.67866, 'family': 0.6629, 'health': 0.31051, 'freedom': 0.41466, 'trust': 0.11686, 'generosity': 0.12388, 'happiness_score': 3.989}
[2026-05-13T11:38:49.711+0000] {logging_mixin.py:188} INFO - [INFO] Enviado 66/235: {'economy': 0.985, 'family': 1.41, 'health': 0.841, 'freedom': 0.47, 'trust': 0.034, 'generosity': 0.099, 'happiness_score': 6.125}
[2026-05-13T11:38:50.214+0000] {logging_mixin.py:188} INFO - [INFO] Enviado 67/235: {'economy': 0.57, 'family': 1.167, 'health': 0.489, 'freedom': 0.066, 'trust': 0.088, 'generosity': 0.106, 'happiness_score': 4.49}
[2026-05-13T11:38:50.716+0000] {logging_mixin.py:188} INFO - [INFO] Enviado 68/235: {'economy': 0.801, 'family': 0.782, 'health': 0.782, 'freedom': 0.418, 'trust': 0.076, 'generosity': 0.036, 'happiness_score': 5.208}
[2026-05-13T11:38:51.219+0000] {logging_mixin.py:188} INFO - [INFO] Enviado 69/235: {'economy': 1.016, 'family': 1.417, 'health': 0.707, 'freedom': 0.637, 'trust': 0.029, 'generosity': 0.364, 'happiness_score': 6.072}
[2026-05-13T11:38:51.722+0000] {logging_mixin.py:188} INFO - [INFO] Enviado 70/235: {'economy': 0.964434325695038, 'family': 1.0984708070755, 'health': 0.33861181139946, 'freedom': 0.520303547382355, 'trust': 0.0931469723582268, 'generosity': 0.0771337449550629, 'happiness_score': 4.57399988174438}
[2026-05-13T11:38:52.225+0000] {logging_mixin.py:188} INFO - [INFO] Enviado 71/235: {'economy': 1.162, 'family': 1.232, 'health': 0.825, 'freedom': 0.462, 'trust': 0.005, 'generosity': 0.083, 'happiness_score': 6.07}
[2026-05-13T11:38:52.729+0000] {logging_mixin.py:188} INFO - [INFO] Enviado 72/235: {'economy': 1.49438726902008, 'family': 1.47816216945648, 'health': 0.830875158309937, 'freedom': 0.612924098968506, 'trust': 0.384398728609085, 'generosity': 0.385399252176285, 'happiness_score': 7.28399991989136}
[2026-05-13T11:38:53.233+0000] {logging_mixin.py:188} INFO - [INFO] Enviado 73/235: {'economy': 0.89373, 'family': 1.11111, 'health': 0.58295, 'freedom': 0.46235, 'trust': 0.07396, 'generosity': 0.25296, 'happiness_score': 5.538}
[2026-05-13T11:38:53.735+0000] {logging_mixin.py:188} INFO - [INFO] Enviado 74/235: {'economy': 1.5107, 'family': 0.87021, 'health': 0.95277, 'freedom': 0.48079, 'trust': 0.31647, 'generosity': 0.40097, 'happiness_score': 5.458}
[2026-05-13T11:38:54.261+0000] {logging_mixin.py:188} INFO - [INFO] Enviado 75/235: {'economy': 1.48841226100922, 'family': 1.32311046123505, 'health': 0.653133034706116, 'freedom': 0.536746919155121, 'trust': 0.257042169570923, 'generosity': 0.172668486833572, 'happiness_score': 6.08699989318848}
[2026-05-13T11:38:54.764+0000] {logging_mixin.py:188} INFO - [INFO] Enviado 76/235: {'economy': 0.715, 'family': 1.365, 'health': 0.702, 'freedom': 0.618, 'trust': 0.079, 'generosity': 0.177, 'happiness_score': 5.103}
[2026-05-13T11:38:55.267+0000] {logging_mixin.py:188} INFO - [INFO] Enviado 77/235: {'economy': 0.975, 'family': 1.369, 'health': 0.685, 'freedom': 0.288, 'trust': 0.043, 'generosity': 0.134, 'happiness_score': 5.398}
[2026-05-13T11:38:55.770+0000] {logging_mixin.py:188} INFO - [INFO] Enviado 78/235: {'economy': 0.982409417629242, 'family': 1.0693359375, 'health': 0.705186307430267, 'freedom': 0.204403176903725, 'trust': 0.0, 'generosity': 0.328867495059967, 'happiness_score': 5.18200016021729}
[2026-05-13T11:38:56.273+0000] {logging_mixin.py:188} INFO - [INFO] Enviado 79/235: {'economy': 1.15687310695648, 'family': 0.711551249027252, 'health': 0.639333188533783, 'freedom': 0.249322608113289, 'trust': 0.048761073499918, 'generosity': 0.387242913246155, 'happiness_score': 4.69199991226196}
[2026-05-13T11:38:56.775+0000] {logging_mixin.py:188} INFO - [INFO] Enviado 80/235: {'economy': 0.55604, 'family': 0.5375, 'health': 0.42494, 'freedom': 0.58852, 'trust': 0.08092, 'generosity': 0.40339, 'happiness_score': 3.907}
[2026-05-13T11:38:57.279+0000] {logging_mixin.py:188} INFO - [INFO] Enviado 81/235: {'economy': 0.26673, 'family': 0.74302, 'health': 0.38847, 'freedom': 0.24425, 'trust': 0.17175, 'generosity': 0.46187, 'happiness_score': 4.518}
[2026-05-13T11:38:57.783+0000] {logging_mixin.py:188} INFO - [INFO] Enviado 82/235: {'economy': 0.657, 'family': 1.247, 'health': 0.672, 'freedom': 0.225, 'trust': 0.066, 'generosity': 0.103, 'happiness_score': 4.696}
[2026-05-13T11:38:58.286+0000] {logging_mixin.py:188} INFO - [INFO] Enviado 83/235: {'economy': 1.28948748111725, 'family': 1.23941457271576, 'health': 0.810198903083801, 'freedom': 0.0957312509417534, 'trust': 0.04328977689147, 'generosity': 0.0, 'happiness_score': 5.22700023651123}
[2026-05-13T11:38:58.790+0000] {logging_mixin.py:188} INFO - [INFO] Enviado 84/235: {'economy': 0.27108, 'family': 0.70905, 'health': 0.48246, 'freedom': 0.44017, 'trust': 0.19034, 'generosity': 0.79588, 'happiness_score': 4.307}
[2026-05-13T11:38:59.293+0000] {logging_mixin.py:188} INFO - [INFO] Enviado 85/235: {'economy': 0.882, 'family': 1.232, 'health': 0.758, 'freedom': 0.489, 'trust': 0.006, 'generosity': 0.262, 'happiness_score': 6.1}
[2026-05-13T11:38:59.795+0000] {logging_mixin.py:188} INFO - [INFO] Enviado 86/235: {'economy': 0.835, 'family': 1.522, 'health': 0.615, 'freedom': 0.541, 'trust': 0.074, 'generosity': 0.162, 'happiness_score': 5.681}
[2026-05-13T11:39:00.298+0000] {logging_mixin.py:188} INFO - [INFO] Enviado 87/235: {'economy': 1.223, 'family': 1.492, 'health': 0.564, 'freedom': 0.575, 'trust': 0.019, 'generosity': 0.171, 'happiness_score': 6.192}
[2026-05-13T11:39:00.800+0000] {logging_mixin.py:188} INFO - [INFO] Enviado 88/235: {'economy': 1.258, 'family': 1.523, 'health': 0.953, 'freedom': 0.564, 'trust': 0.057, 'generosity': 0.144, 'happiness_score': 6.118}
[2026-05-13T11:39:01.303+0000] {logging_mixin.py:188} INFO - [INFO] Enviado 89/235: {'economy': 1.036, 'family': 1.164, 'health': 0.404, 'freedom': 0.356, 'trust': 0.052, 'generosity': 0.032, 'happiness_score': 4.758}
[2026-05-13T11:39:01.805+0000] {logging_mixin.py:188} INFO - [INFO] Enviado 90/235: {'economy': 1.35593807697296, 'family': 1.13136327266693, 'health': 0.84471470117569, 'freedom': 0.355111539363861, 'trust': 0.0412379764020443, 'generosity': 0.271254301071167, 'happiness_score': 5.62099981307983}
[2026-05-13T11:39:02.308+0000] {logging_mixin.py:188} INFO - [INFO] Enviado 91/235: {'economy': 0.36498, 'family': 0.97619, 'health': 0.4354, 'freedom': 0.36772, 'trust': 0.10713, 'generosity': 0.20843, 'happiness_score': 3.904}
[2026-05-13T11:39:02.811+0000] {logging_mixin.py:188} INFO - [INFO] Enviado 92/235: {'economy': 0.578, 'family': 1.058, 'health': 0.426, 'freedom': 0.431, 'trust': 0.087, 'generosity': 0.247, 'happiness_score': 4.107}
[2026-05-13T11:39:03.315+0000] {logging_mixin.py:188} INFO - [INFO] Enviado 93/235: {'economy': 0.20824, 'family': 0.66801, 'health': 0.46721, 'freedom': 0.19184, 'trust': 0.08124, 'generosity': 0.21333, 'happiness_score': 3.681}
[2026-05-13T11:39:03.818+0000] {logging_mixin.py:188} INFO - [INFO] Enviado 94/235: {'economy': 0.39753, 'family': 0.43106, 'health': 0.60164, 'freedom': 0.4082, 'trust': 0.12569, 'generosity': 0.21222, 'happiness_score': 4.694}
[2026-05-13T11:39:04.320+0000] {logging_mixin.py:188} INFO - [INFO] Enviado 95/235: {'economy': 1.2, 'family': 1.532, 'health': 0.737, 'freedom': 0.553, 'trust': 0.174, 'generosity': 0.086, 'happiness_score': 5.739}
[2026-05-13T11:39:04.823+0000] {logging_mixin.py:188} INFO - [INFO] Enviado 96/235: {'economy': 1.54625928401947, 'family': 1.41992056369781, 'health': 0.77428662776947, 'freedom': 0.505740523338318, 'trust': 0.135638788342476, 'generosity': 0.392578780651093, 'happiness_score': 6.99300003051758}
[2026-05-13T11:39:05.326+0000] {logging_mixin.py:188} INFO - [INFO] Enviado 97/235: {'economy': 1.48953, 'family': 0.84829, 'health': 0.59267, 'freedom': 0.37904, 'trust': 0.30008, 'generosity': 0.15457, 'happiness_score': 6.379}
[2026-05-13T11:39:05.828+0000] {logging_mixin.py:188} INFO - [INFO] Enviado 98/235: {'economy': 1.11758, 'family': 0.38857, 'health': 0.64232, 'freedom': 0.22544, 'trust': 0.0557, 'generosity': 0.38538, 'happiness_score': 4.813}
[2026-05-13T11:39:06.331+0000] {logging_mixin.py:188} INFO - [INFO] Enviado 99/235: {'economy': 1.08116579055786, 'family': 1.16083741188049, 'health': 0.741415500640869, 'freedom': 0.472787708044052, 'trust': 0.0227942746132612, 'generosity': 0.0288068410009146, 'happiness_score': 5.27299976348877}
[2026-05-13T11:39:06.834+0000] {logging_mixin.py:188} INFO - [INFO] Enviado 100/235: {'economy': 0.91861, 'family': 1.24018, 'health': 0.69077, 'freedom': 0.53466, 'trust': 0.0512, 'generosity': 0.18401, 'happiness_score': 6.477}
[2026-05-13T11:39:07.336+0000] {logging_mixin.py:188} INFO - [INFO] Enviado 101/235: {'economy': 1.503, 'family': 1.31, 'health': 0.825, 'freedom': 0.598, 'trust': 0.182, 'generosity': 0.262, 'happiness_score': 6.825}
[2026-05-13T11:39:07.839+0000] {logging_mixin.py:188} INFO - [INFO] Enviado 102/235: {'economy': 1.13077676296234, 'family': 1.49314916133881, 'health': 0.437726080417633, 'freedom': 0.41827192902565, 'trust': 0.259270340204239, 'generosity': 0.24992498755455, 'happiness_score': 5.82200002670288}
[2026-05-13T11:39:08.340+0000] {logging_mixin.py:188} INFO - [INFO] Enviado 103/235: {'economy': 1.25114, 'family': 1.19777, 'health': 0.95446, 'freedom': 0.26236, 'trust': 0.02901, 'generosity': 0.22823, 'happiness_score': 5.948}
[2026-05-13T11:39:08.842+0000] {logging_mixin.py:188} INFO - [INFO] Enviado 104/235: {'economy': 0.10706, 'family': 0.50353, 'health': 0.23165, 'freedom': 0.25748, 'trust': 0.04852, 'generosity': 0.24063, 'happiness_score': 3.622}
[2026-05-13T11:39:09.344+0000] {logging_mixin.py:188} INFO - [INFO] Enviado 105/235: {'economy': 0.776, 'family': 1.209, 'health': 0.706, 'freedom': 0.511, 'trust': 0.064, 'generosity': 0.137, 'happiness_score': 5.779}
[2026-05-13T11:39:09.846+0000] {logging_mixin.py:188} INFO - [INFO] Enviado 106/235: {'economy': 0.909784495830536, 'family': 1.18212509155273, 'health': 0.596018552780151, 'freedom': 0.432452529668808, 'trust': 0.0899809598922729, 'generosity': 0.0782579854130745, 'happiness_score': 6.00299978256226}
[2026-05-13T11:39:10.363+0000] {logging_mixin.py:188} INFO - [INFO] Enviado 107/235: {'economy': 1.14723, 'family': 1.25745, 'health': 0.73128, 'freedom': 0.21342, 'trust': 0.01031, 'generosity': 0.02641, 'happiness_score': 5.833}
[2026-05-13T11:39:10.866+0000] {logging_mixin.py:188} INFO - [INFO] Enviado 108/235: {'economy': 1.324, 'family': 1.483, 'health': 0.894, 'freedom': 0.583, 'trust': 0.24, 'generosity': 0.188, 'happiness_score': 6.927}
[2026-05-13T11:39:11.369+0000] {logging_mixin.py:188} INFO - [INFO] Enviado 109/235: {'economy': 1.09686, 'family': 0.77866, 'health': 0.50933, 'freedom': 0.52234, 'trust': 0.12692, 'generosity': 0.16665, 'happiness_score': 6.269}
[2026-05-13T11:39:11.871+0000] {logging_mixin.py:188} INFO - [INFO] Enviado 110/235: {'economy': 1.004, 'family': 1.439, 'health': 0.802, 'freedom': 0.39, 'trust': 0.086, 'generosity': 0.099, 'happiness_score': 6.3}
[2026-05-13T11:39:12.374+0000] {logging_mixin.py:188} INFO - [INFO] Enviado 111/235: {'economy': 0.557, 'family': 1.245, 'health': 0.292, 'freedom': 0.129, 'trust': 0.093, 'generosity': 0.134, 'happiness_score': 4.356}
[2026-05-13T11:39:12.876+0000] {logging_mixin.py:188} INFO - [INFO] Enviado 112/235: {'economy': 1.043, 'family': 1.147, 'health': 0.769, 'freedom': 0.351, 'trust': 0.182, 'generosity': 0.035, 'happiness_score': 5.208}
[2026-05-13T11:39:13.378+0000] {logging_mixin.py:188} INFO - [INFO] Enviado 113/235: {'economy': 1.301, 'family': 1.559, 'health': 0.883, 'freedom': 0.533, 'trust': 0.272, 'generosity': 0.354, 'happiness_score': 6.814}
[2026-05-13T11:39:13.881+0000] {logging_mixin.py:188} INFO - [INFO] Enviado 114/235: {'economy': 1.30782, 'family': 1.09879, 'health': 0.80315, 'freedom': 0.54994, 'trust': 0.17554, 'generosity': 0.56237, 'happiness_score': 6.488}
[2026-05-13T11:39:14.383+0000] {logging_mixin.py:188} INFO - [INFO] Enviado 115/235: {'economy': 1.11312, 'family': 1.09562, 'health': 0.72437, 'freedom': 0.29671, 'trust': 0.06332, 'generosity': 0.18226, 'happiness_score': 5.098}
[2026-05-13T11:39:14.886+0000] {logging_mixin.py:188} INFO - [INFO] Enviado 116/235: {'economy': 1.31141, 'family': 0.81826, 'health': 0.84142, 'freedom': 0.43596, 'trust': 0.16578, 'generosity': 0.26322, 'happiness_score': 5.771}
[2026-05-13T11:39:15.388+0000] {logging_mixin.py:188} INFO - [INFO] Enviado 117/235: {'economy': 0.781, 'family': 1.268, 'health': 0.608, 'freedom': 0.604, 'trust': 0.071, 'generosity': 0.179, 'happiness_score': 6.382}
[2026-05-13T11:39:15.892+0000] {logging_mixin.py:188} INFO - [INFO] Enviado 118/235: {'economy': 1.33, 'family': 1.532, 'health': 0.896, 'freedom': 0.653, 'trust': 0.291, 'generosity': 0.321, 'happiness_score': 7.328}
[2026-05-13T11:39:16.394+0000] {logging_mixin.py:188} INFO - [INFO] Enviado 119/235: {'economy': 0.80148, 'family': 0.81198, 'health': 0.63132, 'freedom': 0.24749, 'trust': 0.04741, 'generosity': 0.2831, 'happiness_score': 5.589}
[2026-05-13T11:39:16.898+0000] {logging_mixin.py:188} INFO - [INFO] Enviado 120/235: {'economy': 0.308, 'family': 0.939, 'health': 0.428, 'freedom': 0.382, 'trust': 0.167, 'generosity': 0.269, 'happiness_score': 4.516}
[2026-05-13T11:39:17.402+0000] {logging_mixin.py:188} INFO - [INFO] Enviado 121/235: {'economy': 1.53062355518341, 'family': 1.28667759895325, 'health': 0.590148329734802, 'freedom': 0.449750572443008, 'trust': 0.27343225479126, 'generosity': 0.147616013884544, 'happiness_score': 6.3439998626709}
[2026-05-13T11:39:17.905+0000] {logging_mixin.py:188} INFO - [INFO] Enviado 122/235: {'economy': 0.72, 'family': 1.034, 'health': 0.441, 'freedom': 0.626, 'trust': 0.174, 'generosity': 0.23, 'happiness_score': 4.623}
[2026-05-13T11:39:18.408+0000] {logging_mixin.py:188} INFO - [INFO] Enviado 123/235: {'economy': 0.489, 'family': 1.169, 'health': 0.168, 'freedom': 0.359, 'trust': 0.093, 'generosity': 0.107, 'happiness_score': 3.802}
[2026-05-13T11:39:18.910+0000] {logging_mixin.py:188} INFO - [INFO] Enviado 124/235: {'economy': 1.33596, 'family': 1.36948, 'health': 0.89533, 'freedom': 0.61777, 'trust': 0.28703, 'generosity': 0.45901, 'happiness_score': 6.94}
[2026-05-13T11:39:19.412+0000] {logging_mixin.py:188} INFO - [INFO] Enviado 125/235: {'economy': 1.12843120098114, 'family': 1.43133759498596, 'health': 0.617144227027893, 'freedom': 0.153997123241425, 'trust': 0.0644911229610443, 'generosity': 0.0650196298956871, 'happiness_score': 5.25}
[2026-05-13T11:39:19.918+0000] {logging_mixin.py:188} INFO - [INFO] Enviado 126/235: {'economy': 1.324, 'family': 1.472, 'health': 1.045, 'freedom': 0.436, 'trust': 0.183, 'generosity': 0.111, 'happiness_score': 6.592}
[2026-05-13T11:39:20.422+0000] {logging_mixin.py:188} INFO - [INFO] Enviado 127/235: {'economy': 1.403, 'family': 1.357, 'health': 0.795, 'freedom': 0.439, 'trust': 0.132, 'generosity': 0.08, 'happiness_score': 6.375}
[2026-05-13T11:39:20.924+0000] {logging_mixin.py:188} INFO - [INFO] Enviado 128/235: {'economy': 2.096, 'family': 0.776, 'health': 0.67, 'freedom': 0.284, 'trust': 0.082, 'generosity': 0.186, 'happiness_score': 6.774}
[2026-05-13T11:39:21.428+0000] {logging_mixin.py:188} INFO - [INFO] Enviado 129/235: {'economy': 1.11508, 'family': 0.7146, 'health': 0.71143, 'freedom': 0.37709, 'trust': 0.18355, 'generosity': 0.11735, 'happiness_score': 6.778}
[2026-05-13T11:39:21.932+0000] {logging_mixin.py:188} INFO - [INFO] Enviado 130/235: {'economy': 0.39724862575531, 'family': 0.601323127746582, 'health': 0.163486003875732, 'freedom': 0.147062435746193, 'trust': 0.116793513298035, 'generosity': 0.285670816898346, 'happiness_score': 3.59100008010864}
[2026-05-13T11:39:22.434+0000] {logging_mixin.py:188} INFO - [INFO] Enviado 131/235: {'economy': 1.08017, 'family': 1.03817, 'health': 0.44006, 'freedom': 0.37408, 'trust': 0.28467, 'generosity': 0.22567, 'happiness_score': 5.658}
[2026-05-13T11:39:22.937+0000] {logging_mixin.py:188} INFO - [INFO] Enviado 132/235: {'economy': 0.950612664222717, 'family': 0.57061493396759, 'health': 0.649546980857849, 'freedom': 0.309410035610199, 'trust': 0.251666635274887, 'generosity': 0.0540088154375553, 'happiness_score': 4.28599977493286}
[2026-05-13T11:39:23.440+0000] {logging_mixin.py:188} INFO - [INFO] Enviado 133/235: {'economy': 1.38, 'family': 1.624, 'health': 1.026, 'freedom': 0.591, 'trust': 0.118, 'generosity': 0.354, 'happiness_score': 7.494}
[2026-05-13T11:39:23.943+0000] {logging_mixin.py:188} INFO - [INFO] Enviado 134/235: {'economy': 1.33723, 'family': 1.29704, 'health': 0.89042, 'freedom': 0.62433, 'trust': 0.18676, 'generosity': 0.33088, 'happiness_score': 7.2}
[2026-05-13T11:39:24.447+0000] {logging_mixin.py:188} INFO - [INFO] Enviado 135/235: {'economy': 0.97724, 'family': 0.43165, 'health': 0.59577, 'freedom': 0.23553, 'trust': 0.0817, 'generosity': 0.03936, 'happiness_score': 5.045}
[2026-05-13T11:39:24.951+0000] {logging_mixin.py:188} INFO - [INFO] Enviado 136/235: {'economy': 0.59325, 'family': 1.14184, 'health': 0.74314, 'freedom': 0.55475, 'trust': 0.19317, 'generosity': 0.27815, 'happiness_score': 5.828}
[2026-05-13T11:39:25.454+0000] {logging_mixin.py:188} INFO - [INFO] Enviado 137/235: {'economy': 0.74037, 'family': 0.79117, 'health': 0.66157, 'freedom': 0.55954, 'trust': 0.11556, 'generosity': 0.25075, 'happiness_score': 5.061}
[2026-05-13T11:39:25.958+0000] {logging_mixin.py:188} INFO - [INFO] Enviado 138/235: {'economy': 0.34097, 'family': 0.29561, 'health': 0.27494, 'freedom': 0.12072, 'trust': 0.14476, 'generosity': 0.47958, 'happiness_score': 4.028}
[2026-05-13T11:39:26.461+0000] {logging_mixin.py:188} INFO - [INFO] Enviado 139/235: {'economy': 1.39729, 'family': 0.92624, 'health': 0.79565, 'freedom': 0.32377, 'trust': 0.0663, 'generosity': 0.25495, 'happiness_score': 6.379}
[2026-05-13T11:39:26.964+0000] {logging_mixin.py:188} INFO - [INFO] Enviado 140/235: {'economy': 0.93929, 'family': 1.07772, 'health': 0.61766, 'freedom': 0.28579, 'trust': 0.17383, 'generosity': 0.07822, 'happiness_score': 5.605}
[2026-05-13T11:39:27.467+0000] {logging_mixin.py:188} INFO - [INFO] Enviado 141/235: {'economy': 1.609, 'family': 1.479, 'health': 1.012, 'freedom': 0.526, 'trust': 0.316, 'generosity': 0.194, 'happiness_score': 7.09}
[2026-05-13T11:39:27.969+0000] {logging_mixin.py:188} INFO - [INFO] Enviado 142/235: {'economy': 1.06457793712616, 'family': 1.20789301395416, 'health': 0.644948184490204, 'freedom': 0.325905978679657, 'trust': 0.0602777935564518, 'generosity': 0.25376096367836, 'happiness_score': 5.17500019073486}
[2026-05-13T11:39:28.473+0000] {logging_mixin.py:188} INFO - [INFO] Enviado 143/235: {'economy': 0.603048920631409, 'family': 0.904780030250549, 'health': 0.0486421696841717, 'freedom': 0.447706192731857, 'trust': 0.130061775445938, 'generosity': 0.201237469911575, 'happiness_score': 4.17999982833862}
[2026-05-13T11:39:28.976+0000] {logging_mixin.py:188} INFO - [INFO] Enviado 144/235: {'economy': 1.351, 'family': 1.59, 'health': 0.868, 'freedom': 0.683, 'trust': 0.408, 'generosity': 0.284, 'happiness_score': 7.555}
[2026-05-13T11:39:29.478+0000] {logging_mixin.py:188} INFO - [INFO] Enviado 145/235: {'economy': 0.611, 'family': 0.868, 'health': 0.486, 'freedom': 0.381, 'trust': 0.04, 'generosity': 0.245, 'happiness_score': 4.996}
[2026-05-13T11:39:29.981+0000] {logging_mixin.py:188} INFO - [INFO] Enviado 146/235: {'economy': 0.138, 'family': 0.774, 'health': 0.366, 'freedom': 0.318, 'trust': 0.102, 'generosity': 0.188, 'happiness_score': 4.628}
[2026-05-13T11:39:30.483+0000] {logging_mixin.py:188} INFO - [INFO] Enviado 147/235: {'economy': 1.054, 'family': 1.515, 'health': 0.712, 'freedom': 0.359, 'trust': 0.009, 'generosity': 0.064, 'happiness_score': 4.933}
[2026-05-13T11:39:30.986+0000] {logging_mixin.py:188} INFO - [INFO] Enviado 148/235: {'economy': 0.989, 'family': 1.142, 'health': 0.799, 'freedom': 0.597, 'trust': 0.103, 'generosity': 0.029, 'happiness_score': 5.246}
[2026-05-13T11:39:31.490+0000] {logging_mixin.py:188} INFO - [INFO] Enviado 149/235: {'economy': 0.75216, 'family': 0.64498, 'health': 0.05108, 'freedom': 0.27854, 'trust': 0.0305, 'generosity': 0.23219, 'happiness_score': 4.875}
[2026-05-13T11:39:31.993+0000] {logging_mixin.py:188} INFO - [INFO] Enviado 150/235: {'economy': 1.03522527217865, 'family': 1.21877038478851, 'health': 0.630166113376617, 'freedom': 0.450002878904343, 'trust': 0.0470490865409374, 'generosity': 0.126819714903831, 'happiness_score': 5.71500015258789}
[2026-05-13T11:39:32.495+0000] {logging_mixin.py:188} INFO - [INFO] Enviado 151/235: {'economy': 1.5, 'family': 1.319, 'health': 0.808, 'freedom': 0.493, 'trust': 0.097, 'generosity': 0.142, 'happiness_score': 6.021}
[2026-05-13T11:39:32.998+0000] {logging_mixin.py:188} INFO - [INFO] Enviado 152/235: {'economy': 1.48238301277161, 'family': 1.55112159252167, 'health': 0.792565524578094, 'freedom': 0.626006722450256, 'trust': 0.40077006816864, 'generosity': 0.355280488729477, 'happiness_score': 7.52199983596802}
[2026-05-13T11:39:33.501+0000] {logging_mixin.py:188} INFO - [INFO] Enviado 153/235: {'economy': 0.0712, 'family': 0.78968, 'health': 0.34201, 'freedom': 0.28531, 'trust': 0.06232, 'generosity': 0.24362, 'happiness_score': 4.571}
[2026-05-13T11:39:34.003+0000] {logging_mixin.py:188} INFO - [INFO] Enviado 154/235: {'economy': 1.42727, 'family': 1.12575, 'health': 0.80925, 'freedom': 0.64157, 'trust': 0.38583, 'generosity': 0.26428, 'happiness_score': 6.901}
[2026-05-13T11:39:34.506+0000] {logging_mixin.py:188} INFO - [INFO] Enviado 155/235: {'economy': 1.10735321044922, 'family': 1.43130600452423, 'health': 0.616552352905273, 'freedom': 0.437453746795654, 'trust': 0.111092761158943, 'generosity': 0.16234989464283, 'happiness_score': 6.63500022888184}
[2026-05-13T11:39:35.009+0000] {logging_mixin.py:188} INFO - [INFO] Enviado 156/235: {'economy': 1.15851, 'family': 0.72368, 'health': 0.3494, 'freedom': 0.28098, 'trust': 0.09314, 'generosity': 0.06244, 'happiness_score': 4.121}
[2026-05-13T11:39:35.535+0000] {logging_mixin.py:188} INFO - [INFO] Enviado 157/235: {'economy': 0.47155, 'family': 0.77623, 'health': 0.357, 'freedom': 0.3176, 'trust': 0.05099, 'generosity': 0.31472, 'happiness_score': 3.666}
[2026-05-13T11:39:36.039+0000] {logging_mixin.py:188} INFO - [INFO] Enviado 158/235: {'economy': 1.355, 'family': 1.501, 'health': 0.913, 'freedom': 0.659, 'trust': 0.383, 'generosity': 0.285, 'happiness_score': 7.314}
[2026-05-13T11:39:36.542+0000] {logging_mixin.py:188} INFO - [INFO] Enviado 159/235: {'economy': 0.71206, 'family': 1.07284, 'health': 0.07566, 'freedom': 0.30658, 'trust': 0.0306, 'generosity': 0.18259, 'happiness_score': 4.867}
[2026-05-13T11:39:37.045+0000] {logging_mixin.py:188} INFO - [INFO] Enviado 160/235: {'economy': 1.0193, 'family': 0.78236, 'health': 0.64738, 'freedom': 0.27668, 'trust': 0.07047, 'generosity': 0.23507, 'happiness_score': 5.121}
[2026-05-13T11:39:37.548+0000] {logging_mixin.py:188} INFO - [INFO] Enviado 161/235: {'economy': 0.59532, 'family': 0.95348, 'health': 0.6951, 'freedom': 0.40148, 'trust': 0.06825, 'generosity': 0.23027, 'happiness_score': 4.788}
[2026-05-13T11:39:38.050+0000] {logging_mixin.py:188} INFO - [INFO] Enviado 162/235: {'economy': 1.016, 'family': 1.533, 'health': 0.517, 'freedom': 0.417, 'trust': 0.037, 'generosity': 0.199, 'happiness_score': 5.636}
[2026-05-13T11:39:38.551+0000] {logging_mixin.py:188} INFO - [INFO] Enviado 163/235: {'economy': 0.0, 'family': 0.712, 'health': 0.115, 'freedom': 0.674, 'trust': 0.282, 'generosity': 0.238, 'happiness_score': 4.982}
[2026-05-13T11:39:39.053+0000] {logging_mixin.py:188} INFO - [INFO] Enviado 164/235: {'economy': 0.368610262870789, 'family': 0.640449821949005, 'health': 0.277321130037308, 'freedom': 0.0303698573261499, 'trust': 0.0998721495270729, 'generosity': 0.489203780889511, 'happiness_score': 3.6029999256134}
[2026-05-13T11:39:39.555+0000] {logging_mixin.py:188} INFO - [INFO] Enviado 165/235: {'economy': 0.53, 'family': 1.416, 'health': 0.594, 'freedom': 0.54, 'trust': 0.035, 'generosity': 0.281, 'happiness_score': 5.131}
[2026-05-13T11:39:40.058+0000] {logging_mixin.py:188} INFO - [INFO] Enviado 166/235: {'economy': 1.32087934017181, 'family': 1.47667109966278, 'health': 0.695168316364288, 'freedom': 0.479131430387497, 'trust': 0.183248922228813, 'generosity': 0.0988908112049103, 'happiness_score': 5.61100006103516}
[2026-05-13T11:39:40.562+0000] {logging_mixin.py:188} INFO - [INFO] Enviado 167/235: {'economy': 0.256, 'family': 0.813, 'health': 0.0, 'freedom': 0.355, 'trust': 0.053, 'generosity': 0.238, 'happiness_score': 4.571}
[2026-05-13T11:39:41.065+0000] {logging_mixin.py:188} INFO - [INFO] Enviado 168/235: {'economy': 0.682, 'family': 0.811, 'health': 0.343, 'freedom': 0.514, 'trust': 0.077, 'generosity': 0.091, 'happiness_score': 4.559}
[2026-05-13T11:39:41.569+0000] {logging_mixin.py:188} INFO - [INFO] Enviado 169/235: {'economy': 1.1982102394104, 'family': 1.1556202173233, 'health': 0.356578588485718, 'freedom': 0.312328577041626, 'trust': 0.0760467872023582, 'generosity': 0.0437853783369064, 'happiness_score': 4.46500015258789}
[2026-05-13T11:39:42.071+0000] {logging_mixin.py:188} INFO - [INFO] Enviado 170/235: {'economy': 0.82827, 'family': 1.08708, 'health': 0.63793, 'freedom': 0.46611, 'trust': 0.0, 'generosity': 0.51535, 'happiness_score': 5.399}
[2026-05-13T11:39:42.574+0000] {logging_mixin.py:188} INFO - [INFO] Enviado 171/235: {'economy': 1.396, 'family': 1.522, 'health': 0.999, 'freedom': 0.557, 'trust': 0.298, 'generosity': 0.322, 'happiness_score': 7.488}
[2026-05-13T11:39:43.077+0000] {logging_mixin.py:188} INFO - [INFO] Enviado 172/235: {'economy': 1.19827437400818, 'family': 1.33775317668915, 'health': 0.637605607509613, 'freedom': 0.300740599632263, 'trust': 0.0996715798974037, 'generosity': 0.0466930419206619, 'happiness_score': 5.5}
[2026-05-13T11:39:43.581+0000] {logging_mixin.py:188} INFO - [INFO] Enviado 173/235: {'economy': 0.0226431842893362, 'family': 0.721151351928711, 'health': 0.113989137113094, 'freedom': 0.602126955986023, 'trust': 0.282410323619843, 'generosity': 0.291631311178207, 'happiness_score': 5.15100002288818}
[2026-05-13T11:39:44.085+0000] {logging_mixin.py:188} INFO - [INFO] Enviado 174/235: {'economy': 0.35, 'family': 0.766, 'health': 0.192, 'freedom': 0.174, 'trust': 0.078, 'generosity': 0.198, 'happiness_score': 4.35}
[2026-05-13T11:39:44.588+0000] {logging_mixin.py:188} INFO - [INFO] Enviado 175/235: {'economy': 0.85769921541214, 'family': 1.25391757488251, 'health': 0.468009054660797, 'freedom': 0.585214674472809, 'trust': 0.0993318930268288, 'generosity': 0.193513423204422, 'happiness_score': 5.42999982833862}
[2026-05-13T11:39:45.092+0000] {logging_mixin.py:188} INFO - [INFO] Enviado 176/235: {'economy': 1.38439786434174, 'family': 1.53209090232849, 'health': 0.888960599899292, 'freedom': 0.408781230449677, 'trust': 0.0709140971302986, 'generosity': 0.190133571624756, 'happiness_score': 6.40299987792969}
[2026-05-13T11:39:45.596+0000] {logging_mixin.py:188} INFO - [INFO] Enviado 177/235: {'economy': 1.53570663928986, 'family': 1.55823111534119, 'health': 0.80978262424469, 'freedom': 0.573110342025757, 'trust': 0.29838815331459, 'generosity': 0.42785832285881, 'happiness_score': 6.97700023651123}
[2026-05-13T11:39:46.098+0000] {logging_mixin.py:188} INFO - [INFO] Enviado 178/235: {'economy': 1.18306, 'family': 0.98912, 'health': 0.70835, 'freedom': 0.48927, 'trust': 0.08423, 'generosity': 0.2418, 'happiness_score': 6.701}
[2026-05-13T11:39:46.601+0000] {logging_mixin.py:188} INFO - [INFO] Enviado 179/235: {'economy': 0.315, 'family': 0.714, 'health': 0.289, 'freedom': 0.025, 'trust': 0.104, 'generosity': 0.392, 'happiness_score': 3.582}
[2026-05-13T11:39:47.103+0000] {logging_mixin.py:188} INFO - [INFO] Enviado 180/235: {'economy': 1.00761, 'family': 0.98521, 'health': 0.7095, 'freedom': 0.56066, 'trust': 0.07521, 'generosity': 0.37744, 'happiness_score': 5.477}
[2026-05-13T11:39:47.608+0000] {logging_mixin.py:188} INFO - [INFO] Enviado 181/235: {'economy': 0.233442038297653, 'family': 0.512568831443787, 'health': 0.315089583396912, 'freedom': 0.466914653778076, 'trust': 0.0727116540074348, 'generosity': 0.287170469760895, 'happiness_score': 3.97000002861023}
[2026-05-13T11:39:48.112+0000] {logging_mixin.py:188} INFO - [INFO] Enviado 182/235: {'economy': 0.344, 'family': 0.792, 'health': 0.211, 'freedom': 0.394, 'trust': 0.094, 'generosity': 0.185, 'happiness_score': 3.964}
[2026-05-13T11:39:48.615+0000] {logging_mixin.py:188} INFO - [INFO] Enviado 183/235: {'economy': 0.493, 'family': 1.098, 'health': 0.718, 'freedom': 0.389, 'trust': 0.144, 'generosity': 0.23, 'happiness_score': 5.467}
[2026-05-13T11:39:49.116+0000] {logging_mixin.py:188} INFO - [INFO] Enviado 184/235: {'economy': 0.38227, 'family': 0.11037, 'health': 0.17344, 'freedom': 0.1643, 'trust': 0.07112, 'generosity': 0.31268, 'happiness_score': 3.36}
[2026-05-13T11:39:49.618+0000] {logging_mixin.py:188} INFO - [INFO] Enviado 185/235: {'economy': 0.90198, 'family': 1.05392, 'health': 0.69639, 'freedom': 0.40661, 'trust': 0.14293, 'generosity': 0.11053, 'happiness_score': 5.192}
[2026-05-13T11:39:50.120+0000] {logging_mixin.py:188} INFO - [INFO] Enviado 186/235: {'economy': 0.796, 'family': 1.335, 'health': 0.527, 'freedom': 0.541, 'trust': 0.171, 'generosity': 0.364, 'happiness_score': 5.082}
[2026-05-13T11:39:50.622+0000] {logging_mixin.py:188} INFO - [INFO] Enviado 187/235: {'economy': 0.52107, 'family': 1.01404, 'health': 0.36878, 'freedom': 0.10081, 'trust': 0.1466, 'generosity': 0.19062, 'happiness_score': 4.55}
[2026-05-13T11:39:51.125+0000] {logging_mixin.py:188} INFO - [INFO] Enviado 188/235: {'economy': 0.19073, 'family': 0.60406, 'health': 0.44055, 'freedom': 0.4345, 'trust': 0.15048, 'generosity': 0.24325, 'happiness_score': 4.512}
[2026-05-13T11:39:51.628+0000] {logging_mixin.py:188} INFO - [INFO] Enviado 189/235: {'economy': 1.12254, 'family': 1.12241, 'health': 0.64368, 'freedom': 0.51649, 'trust': 0.08454, 'generosity': 0.11827, 'happiness_score': 5.855}
[2026-05-13T11:39:52.130+0000] {logging_mixin.py:188} INFO - [INFO] Enviado 190/235: {'economy': 0.83454, 'family': 0.87119, 'health': 0.54039, 'freedom': 0.50379, 'trust': 0.08701, 'generosity': 0.28808, 'happiness_score': 6.324}
[2026-05-13T11:39:52.632+0000] {logging_mixin.py:188} INFO - [INFO] Enviado 191/235: {'economy': 0.947, 'family': 0.848, 'health': 0.874, 'freedom': 0.383, 'trust': 0.027, 'generosity': 0.178, 'happiness_score': 4.719}
[2026-05-13T11:39:53.135+0000] {logging_mixin.py:188} INFO - [INFO] Enviado 192/235: {'economy': 1.32572, 'family': 0.98569, 'health': 0.52608, 'freedom': 0.48453, 'trust': 0.01241, 'generosity': 0.31935, 'happiness_score': 6.168}
[2026-05-13T11:39:53.639+0000] {logging_mixin.py:188} INFO - [INFO] Enviado 193/235: {'economy': 0.357, 'family': 1.094, 'health': 0.248, 'freedom': 0.406, 'trust': 0.099, 'generosity': 0.132, 'happiness_score': 3.692}
[2026-05-13T11:39:54.143+0000] {logging_mixin.py:188} INFO - [INFO] Enviado 194/235: {'economy': 1.39651, 'family': 1.34951, 'health': 0.94143, 'freedom': 0.66557, 'trust': 0.41978, 'generosity': 0.29678, 'happiness_score': 7.587}
[2026-05-13T11:39:54.649+0000] {logging_mixin.py:188} INFO - [INFO] Enviado 195/235: {'economy': 0.562, 'family': 0.928, 'health': 0.723, 'freedom': 0.527, 'trust': 0.143, 'generosity': 0.166, 'happiness_score': 4.456}
[2026-05-13T11:39:55.154+0000] {logging_mixin.py:188} INFO - [INFO] Enviado 196/235: {'economy': 1.45038, 'family': 1.08383, 'health': 0.80565, 'freedom': 0.54355, 'trust': 0.21348, 'generosity': 0.32865, 'happiness_score': 7.119}
[2026-05-13T11:39:55.656+0000] {logging_mixin.py:188} INFO - [INFO] Enviado 197/235: {'economy': 1.44443, 'family': 1.10476, 'health': 0.8512, 'freedom': 0.56837, 'trust': 0.32331, 'generosity': 0.47407, 'happiness_score': 7.313}
[2026-05-13T11:39:56.160+0000] {logging_mixin.py:188} INFO - [INFO] Enviado 198/235: {'economy': 0.89012, 'family': 0.94675, 'health': 0.81658, 'freedom': 0.51697, 'trust': 0.02781, 'generosity': 0.08185, 'happiness_score': 5.14}
[2026-05-13T11:39:56.663+0000] {logging_mixin.py:188} INFO - [INFO] Enviado 199/235: {'economy': 1.87076568603516, 'family': 1.27429687976837, 'health': 0.710098087787628, 'freedom': 0.604130983352661, 'trust': 0.439299255609512, 'generosity': 0.330473870038986, 'happiness_score': 6.375}
[2026-05-13T11:39:57.166+0000] {logging_mixin.py:188} INFO - [INFO] Enviado 200/235: {'economy': 1.31857, 'family': 0.70697, 'health': 0.8488, 'freedom': 0.29507, 'trust': 0.05228, 'generosity': 0.27906, 'happiness_score': 5.546}
[2026-05-13T11:39:57.671+0000] {logging_mixin.py:188} INFO - [INFO] Enviado 201/235: {'economy': 0.3502277135849, 'family': 1.04328000545502, 'health': 0.215844258666039, 'freedom': 0.324367851018906, 'trust': 0.120328105986118, 'generosity': 0.250864684581757, 'happiness_score': 4.03200006484985}
[2026-05-13T11:39:58.173+0000] {logging_mixin.py:188} INFO - [INFO] Enviado 202/235: {'economy': 1.233, 'family': 1.489, 'health': 0.854, 'freedom': 0.543, 'trust': 0.034, 'generosity': 0.064, 'happiness_score': 6.711}
[2026-05-13T11:39:58.676+0000] {logging_mixin.py:188} INFO - [INFO] Enviado 203/235: {'economy': 0.479309022426605, 'family': 1.17969191074371, 'health': 0.409362852573395, 'freedom': 0.377922266721725, 'trust': 0.115460447967052, 'generosity': 0.183468893170357, 'happiness_score': 4.53499984741211}
[2026-05-13T11:39:59.179+0000] {logging_mixin.py:188} INFO - [INFO] Enviado 204/235: {'economy': 0.6632, 'family': 0.47489, 'health': 0.72193, 'freedom': 0.15684, 'trust': 0.18906, 'generosity': 0.47179, 'happiness_score': 3.006}
[2026-05-13T11:39:59.681+0000] {logging_mixin.py:188} INFO - [INFO] Enviado 205/235: {'economy': 1.294, 'family': 1.462, 'health': 0.988, 'freedom': 0.553, 'trust': 0.15, 'generosity': 0.079, 'happiness_score': 5.915}
[2026-05-13T11:40:00.184+0000] {logging_mixin.py:188} INFO - [INFO] Enviado 206/235: {'economy': 1.42, 'family': 1.549, 'health': 0.927, 'freedom': 0.66, 'trust': 0.357, 'generosity': 0.256, 'happiness_score': 7.487}
[2026-05-13T11:40:00.687+0000] {logging_mixin.py:188} INFO - [INFO] Enviado 207/235: {'economy': 0.9669, 'family': 1.26504, 'health': 0.7385, 'freedom': 0.55664, 'trust': 0.03187, 'generosity': 0.5763, 'happiness_score': 6.455}
[2026-05-13T11:40:01.189+0000] {logging_mixin.py:188} INFO - [INFO] Enviado 208/235: {'economy': 1.433, 'family': 1.457, 'health': 0.874, 'freedom': 0.454, 'trust': 0.128, 'generosity': 0.28, 'happiness_score': 6.892}
[2026-05-13T11:40:01.692+0000] {logging_mixin.py:188} INFO - [INFO] Enviado 209/235: {'economy': 1.33358, 'family': 1.30923, 'health': 0.93156, 'freedom': 0.65124, 'trust': 0.35637, 'generosity': 0.43562, 'happiness_score': 7.284}
[2026-05-13T11:40:02.195+0000] {logging_mixin.py:188} INFO - [INFO] Enviado 210/235: {'economy': 0.807, 'family': 1.101, 'health': 0.474, 'freedom': 0.593, 'trust': 0.089, 'generosity': 0.183, 'happiness_score': 5.956}
[2026-05-13T11:40:02.697+0000] {logging_mixin.py:188} INFO - [INFO] Enviado 211/235: {'economy': 0.591683447360992, 'family': 0.93538224697113, 'health': 0.310080915689468, 'freedom': 0.249463722109795, 'trust': 0.0567674227058887, 'generosity': 0.104125209152699, 'happiness_score': 3.59299993515015}
[2026-05-13T11:40:03.199+0000] {logging_mixin.py:188} INFO - [INFO] Enviado 212/235: {'economy': 1.55422, 'family': 1.16594, 'health': 0.72492, 'freedom': 0.55499, 'trust': 0.25609, 'generosity': 0.16228, 'happiness_score': 6.295}
[2026-05-13T11:40:03.701+0000] {logging_mixin.py:188} INFO - [INFO] Enviado 213/235: {'economy': 0.689, 'family': 0.382, 'health': 0.539, 'freedom': 0.088, 'trust': 0.144, 'generosity': 0.376, 'happiness_score': 3.462}
[2026-05-13T11:40:04.203+0000] {logging_mixin.py:188} INFO - [INFO] Enviado 214/235: {'economy': 1.07838, 'family': 0.74173, 'health': 0.63533, 'freedom': 0.15111, 'trust': 0.12721, 'generosity': 0.17191, 'happiness_score': 5.161}
[2026-05-13T11:40:04.706+0000] {logging_mixin.py:188} INFO - [INFO] Enviado 215/235: {'economy': 0.95847, 'family': 1.22668, 'health': 0.53886, 'freedom': 0.4761, 'trust': 0.30844, 'generosity': 0.16979, 'happiness_score': 5.548}
[2026-05-13T11:40:05.209+0000] {logging_mixin.py:188} INFO - [INFO] Enviado 216/235: {'economy': 1.034, 'family': 1.441, 'health': 0.963, 'freedom': 0.558, 'trust': 0.093, 'generosity': 0.144, 'happiness_score': 7.167}
[2026-05-13T11:40:05.711+0000] {logging_mixin.py:188} INFO - [INFO] Enviado 217/235: {'economy': 1.18529546260834, 'family': 1.44045114517212, 'health': 0.695137083530426, 'freedom': 0.494519203901291, 'trust': 0.059739887714386, 'generosity': 0.109457060694695, 'happiness_score': 6.59899997711182}
[2026-05-13T11:40:06.214+0000] {logging_mixin.py:188} INFO - [INFO] Enviado 218/235: {'economy': 1.238, 'family': 1.515, 'health': 0.818, 'freedom': 0.291, 'trust': 0.042, 'generosity': 0.043, 'happiness_score': 6.149}
[2026-05-13T11:40:06.717+0000] {logging_mixin.py:188} INFO - [INFO] Enviado 219/235: {'economy': 0.99534, 'family': 0.972, 'health': 0.6082, 'freedom': 0.59657, 'trust': 0.13633, 'generosity': 0.16991, 'happiness_score': 6.269}
[2026-05-13T11:40:07.219+0000] {logging_mixin.py:188} INFO - [INFO] Enviado 220/235: {'economy': 0.793, 'family': 1.413, 'health': 0.609, 'freedom': 0.163, 'trust': 0.011, 'generosity': 0.187, 'happiness_score': 4.103}
[2026-05-13T11:40:07.722+0000] {logging_mixin.py:188} INFO - [INFO] Enviado 221/235: {'economy': 0.72688353061676, 'family': 0.672690689563751, 'health': 0.402047783136368, 'freedom': 0.23521526157856, 'trust': 0.124348066747189, 'generosity': 0.315446019172668, 'happiness_score': 5.26900005340576}
[2026-05-13T11:40:08.225+0000] {logging_mixin.py:188} INFO - [INFO] Enviado 222/235: {'economy': 0.677, 'family': 0.886, 'health': 0.535, 'freedom': 0.313, 'trust': 0.098, 'generosity': 0.22, 'happiness_score': 5.653}
[2026-05-13T11:40:08.725+0000] {logging_mixin.py:188} INFO - [INFO] Enviado 223/235: {'economy': 0.234305649995804, 'family': 0.870701014995575, 'health': 0.106654435396194, 'freedom': 0.480791091918945, 'trust': 0.179436385631561, 'generosity': 0.322228103876114, 'happiness_score': 4.55000019073486}
[2026-05-13T11:40:09.228+0000] {logging_mixin.py:188} INFO - [INFO] Enviado 224/235: {'economy': 0.8818, 'family': 0.747, 'health': 0.61712, 'freedom': 0.17288, 'trust': 0.06324, 'generosity': 0.11291, 'happiness_score': 4.194}
[2026-05-13T11:40:09.731+0000] {logging_mixin.py:188} INFO - [INFO] Enviado 225/235: {'economy': 1.572, 'family': 1.463, 'health': 1.141, 'freedom': 0.556, 'trust': 0.453, 'generosity': 0.271, 'happiness_score': 6.262}
[2026-05-13T11:40:10.236+0000] {logging_mixin.py:188} INFO - [INFO] Enviado 226/235: {'economy': 0.59867, 'family': 0.92558, 'health': 0.66015, 'freedom': 0.24499, 'trust': 0.12905, 'generosity': 0.11251, 'happiness_score': 4.715}
[2026-05-13T11:40:10.739+0000] {logging_mixin.py:188} INFO - [INFO] Enviado 227/235: {'economy': 0.431085407733917, 'family': 0.435299843549728, 'health': 0.209930211305618, 'freedom': 0.425962775945663, 'trust': 0.0609290152788162, 'generosity': 0.207948461174965, 'happiness_score': 3.65700006484985}
[2026-05-13T11:40:11.241+0000] {logging_mixin.py:188} INFO - [INFO] Enviado 228/235: {'economy': 1.38604, 'family': 1.05818, 'health': 1.01328, 'freedom': 0.59608, 'trust': 0.37124, 'generosity': 0.39478, 'happiness_score': 5.474}
[2026-05-13T11:40:11.744+0000] {logging_mixin.py:188} INFO - [INFO] Enviado 229/235: {'economy': 1.149, 'family': 1.442, 'health': 0.91, 'freedom': 0.516, 'trust': 0.054, 'generosity': 0.109, 'happiness_score': 6.321}
[2026-05-13T11:40:12.248+0000] {logging_mixin.py:188} INFO - [INFO] Enviado 230/235: {'economy': 0.886, 'family': 0.666, 'health': 0.752, 'freedom': 0.346, 'trust': 0.164, 'generosity': 0.043, 'happiness_score': 4.519}
[2026-05-13T11:40:12.751+0000] {logging_mixin.py:188} INFO - [INFO] Enviado 231/235: {'economy': 1.10180306434631, 'family': 1.35756433010101, 'health': 0.520169019699097, 'freedom': 0.465733230113983, 'trust': 0.0926102101802826, 'generosity': 0.152073666453362, 'happiness_score': 5.52500009536743}
[2026-05-13T11:40:13.253+0000] {logging_mixin.py:188} INFO - [INFO] Enviado 232/235: {'economy': 1.22943, 'family': 0.95544, 'health': 0.57386, 'freedom': 0.4052, 'trust': 0.11132, 'generosity': 0.15011, 'happiness_score': 5.919}
[2026-05-13T11:40:13.756+0000] {logging_mixin.py:188} INFO - [INFO] Enviado 233/235: {'economy': 0.69429, 'family': 0.75596, 'health': 0.58383, 'freedom': 0.26755, 'trust': 0.06906, 'generosity': 0.2044, 'happiness_score': 4.871}
[2026-05-13T11:40:14.259+0000] {logging_mixin.py:188} INFO - [INFO] Enviado 234/235: {'economy': 0.775, 'family': 1.312, 'health': 0.513, 'freedom': 0.643, 'trust': 0.105, 'generosity': 0.12, 'happiness_score': 5.524}
[2026-05-13T11:40:14.761+0000] {logging_mixin.py:188} INFO - [INFO] Enviado 235/235: {'economy': 0.822, 'family': 1.265, 'health': 0.645, 'freedom': 0.468, 'trust': 0.134, 'generosity': 0.13, 'happiness_score': 5.161}
[2026-05-13T11:40:15.264+0000] {logging_mixin.py:188} INFO - [OK] 235 registros transmitidos correctamente.
[2026-05-13T11:40:15.266+0000] {kafka.py:483} INFO - Closing the Kafka producer with 9223372036.0 secs timeout.
[2026-05-13T11:40:15.269+0000] {conn.py:919} INFO - <BrokerConnection node_id=1 host=kafka:9092 <connected> [IPv4 ('172.18.0.5', 9092)]>: Closing connection. 
[2026-05-13T11:40:15.271+0000] {python.py:201} INFO - Done. Returned value was: None
[2026-05-13T11:40:15.287+0000] {taskinstance.py:1138} INFO - Marking task as SUCCESS. dag_id=workshop_etl_3, task_id=producer_kafka, execution_date=20260513T113801, start_date=20260513T113816, end_date=20260513T114015
[2026-05-13T11:40:15.337+0000] {local_task_job_runner.py:234} INFO - Task exited with return code 0
[2026-05-13T11:40:15.362+0000] {taskinstance.py:3280} INFO - 0 downstream tasks scheduled from follow-on schedule check
